// Jest Snapshot v1, https://goo.gl/fbAQLP

exports[`should render header correctly 1`] = `
<div>
  <Connect(ExpenseFilters) />
  <Connect(AllExpenses) />
</div>
`;
